running egg_info
creating ../../build/agv_description/agv_description.egg-info
writing ../../build/agv_description/agv_description.egg-info/PKG-INFO
writing dependency_links to ../../build/agv_description/agv_description.egg-info/dependency_links.txt
writing requirements to ../../build/agv_description/agv_description.egg-info/requires.txt
writing top-level names to ../../build/agv_description/agv_description.egg-info/top_level.txt
writing manifest file '../../build/agv_description/agv_description.egg-info/SOURCES.txt'
reading manifest file '../../build/agv_description/agv_description.egg-info/SOURCES.txt'
writing manifest file '../../build/agv_description/agv_description.egg-info/SOURCES.txt'
running build
running build_py
creating /home/ubuntu/agv_project/build/agv_description/build
creating /home/ubuntu/agv_project/build/agv_description/build/lib
creating /home/ubuntu/agv_project/build/agv_description/build/lib/agv_description
copying agv_description/__init__.py -> /home/ubuntu/agv_project/build/agv_description/build/lib/agv_description
running install
running install_lib
creating /home/ubuntu/agv_project/install/agv_description/lib/python3.12/site-packages/agv_description
copying /home/ubuntu/agv_project/build/agv_description/build/lib/agv_description/__init__.py -> /home/ubuntu/agv_project/install/agv_description/lib/python3.12/site-packages/agv_description
byte-compiling /home/ubuntu/agv_project/install/agv_description/lib/python3.12/site-packages/agv_description/__init__.py to __init__.cpython-312.pyc
running install_data
creating /home/ubuntu/agv_project/install/agv_description/share/ament_index
creating /home/ubuntu/agv_project/install/agv_description/share/ament_index/resource_index
creating /home/ubuntu/agv_project/install/agv_description/share/ament_index/resource_index/packages
copying resource/agv_description -> /home/ubuntu/agv_project/install/agv_description/share/ament_index/resource_index/packages
copying package.xml -> /home/ubuntu/agv_project/install/agv_description/share/agv_description
running install_egg_info
Copying ../../build/agv_description/agv_description.egg-info to /home/ubuntu/agv_project/install/agv_description/lib/python3.12/site-packages/agv_description-0.0.0-py3.12.egg-info
running install_scripts
writing list of installed files to '/home/ubuntu/agv_project/build/agv_description/install.log'
