[0.970s] Invoking command in '/home/ubuntu/agv_project/src/agv_description': PYTHONPATH=/home/ubuntu/agv_project/build/agv_description/prefix_override:/usr/lib/python3/dist-packages/colcon_core/task/python/colcon_distutils_commands:/home/ubuntu/agv_project/install/agv_description/lib/python3.12/site-packages:${PYTHONPATH} /usr/bin/python3 -W ignore:setup.py install is deprecated -W ignore:easy_install command is deprecated setup.py egg_info --egg-base ../../build/agv_description build --build-base /home/ubuntu/agv_project/build/agv_description/build install --record /home/ubuntu/agv_project/build/agv_description/install.log --single-version-externally-managed install_data
[1.233s] running egg_info
[1.233s] creating ../../build/agv_description/agv_description.egg-info
[1.257s] writing ../../build/agv_description/agv_description.egg-info/PKG-INFO
[1.258s] writing dependency_links to ../../build/agv_description/agv_description.egg-info/dependency_links.txt
[1.258s] writing requirements to ../../build/agv_description/agv_description.egg-info/requires.txt
[1.258s] writing top-level names to ../../build/agv_description/agv_description.egg-info/top_level.txt
[1.258s] writing manifest file '../../build/agv_description/agv_description.egg-info/SOURCES.txt'
[1.301s] reading manifest file '../../build/agv_description/agv_description.egg-info/SOURCES.txt'
[1.301s] writing manifest file '../../build/agv_description/agv_description.egg-info/SOURCES.txt'
[1.302s] running build
[1.302s] running build_py
[1.302s] creating /home/ubuntu/agv_project/build/agv_description/build
[1.303s] creating /home/ubuntu/agv_project/build/agv_description/build/lib
[1.303s] creating /home/ubuntu/agv_project/build/agv_description/build/lib/agv_description
[1.303s] copying agv_description/__init__.py -> /home/ubuntu/agv_project/build/agv_description/build/lib/agv_description
[1.303s] running install
[1.309s] running install_lib
[1.331s] creating /home/ubuntu/agv_project/install/agv_description/lib/python3.12/site-packages/agv_description
[1.331s] copying /home/ubuntu/agv_project/build/agv_description/build/lib/agv_description/__init__.py -> /home/ubuntu/agv_project/install/agv_description/lib/python3.12/site-packages/agv_description
[1.331s] byte-compiling /home/ubuntu/agv_project/install/agv_description/lib/python3.12/site-packages/agv_description/__init__.py to __init__.cpython-312.pyc
[1.332s] running install_data
[1.332s] creating /home/ubuntu/agv_project/install/agv_description/share/ament_index
[1.332s] creating /home/ubuntu/agv_project/install/agv_description/share/ament_index/resource_index
[1.332s] creating /home/ubuntu/agv_project/install/agv_description/share/ament_index/resource_index/packages
[1.332s] copying resource/agv_description -> /home/ubuntu/agv_project/install/agv_description/share/ament_index/resource_index/packages
[1.332s] copying package.xml -> /home/ubuntu/agv_project/install/agv_description/share/agv_description
[1.332s] running install_egg_info
[1.356s] Copying ../../build/agv_description/agv_description.egg-info to /home/ubuntu/agv_project/install/agv_description/lib/python3.12/site-packages/agv_description-0.0.0-py3.12.egg-info
[1.357s] running install_scripts
[1.501s] writing list of installed files to '/home/ubuntu/agv_project/build/agv_description/install.log'
[1.523s] Invoked command in '/home/ubuntu/agv_project/src/agv_description' returned '0': PYTHONPATH=/home/ubuntu/agv_project/build/agv_description/prefix_override:/usr/lib/python3/dist-packages/colcon_core/task/python/colcon_distutils_commands:/home/ubuntu/agv_project/install/agv_description/lib/python3.12/site-packages:${PYTHONPATH} /usr/bin/python3 -W ignore:setup.py install is deprecated -W ignore:easy_install command is deprecated setup.py egg_info --egg-base ../../build/agv_description build --build-base /home/ubuntu/agv_project/build/agv_description/build install --record /home/ubuntu/agv_project/build/agv_description/install.log --single-version-externally-managed install_data
