running egg_info
creating ../../build/agv_controller/agv_controller.egg-info
writing ../../build/agv_controller/agv_controller.egg-info/PKG-INFO
writing dependency_links to ../../build/agv_controller/agv_controller.egg-info/dependency_links.txt
writing entry points to ../../build/agv_controller/agv_controller.egg-info/entry_points.txt
writing requirements to ../../build/agv_controller/agv_controller.egg-info/requires.txt
writing top-level names to ../../build/agv_controller/agv_controller.egg-info/top_level.txt
writing manifest file '../../build/agv_controller/agv_controller.egg-info/SOURCES.txt'
reading manifest file '../../build/agv_controller/agv_controller.egg-info/SOURCES.txt'
writing manifest file '../../build/agv_controller/agv_controller.egg-info/SOURCES.txt'
running build
running build_py
creating /home/ubuntu/agv_project/build/agv_controller/build
creating /home/ubuntu/agv_project/build/agv_controller/build/lib
creating /home/ubuntu/agv_project/build/agv_controller/build/lib/agv_controller
copying agv_controller/__init__.py -> /home/ubuntu/agv_project/build/agv_controller/build/lib/agv_controller
copying agv_controller/keyboard_controller.py -> /home/ubuntu/agv_project/build/agv_controller/build/lib/agv_controller
running install
running install_lib
creating /home/ubuntu/agv_project/install/agv_controller/lib/python3.12/site-packages/agv_controller
copying /home/ubuntu/agv_project/build/agv_controller/build/lib/agv_controller/__init__.py -> /home/ubuntu/agv_project/install/agv_controller/lib/python3.12/site-packages/agv_controller
copying /home/ubuntu/agv_project/build/agv_controller/build/lib/agv_controller/keyboard_controller.py -> /home/ubuntu/agv_project/install/agv_controller/lib/python3.12/site-packages/agv_controller
byte-compiling /home/ubuntu/agv_project/install/agv_controller/lib/python3.12/site-packages/agv_controller/__init__.py to __init__.cpython-312.pyc
byte-compiling /home/ubuntu/agv_project/install/agv_controller/lib/python3.12/site-packages/agv_controller/keyboard_controller.py to keyboard_controller.cpython-312.pyc
running install_data
creating /home/ubuntu/agv_project/install/agv_controller/share/ament_index
creating /home/ubuntu/agv_project/install/agv_controller/share/ament_index/resource_index
creating /home/ubuntu/agv_project/install/agv_controller/share/ament_index/resource_index/packages
copying resource/agv_controller -> /home/ubuntu/agv_project/install/agv_controller/share/ament_index/resource_index/packages
copying package.xml -> /home/ubuntu/agv_project/install/agv_controller/share/agv_controller
running install_egg_info
Copying ../../build/agv_controller/agv_controller.egg-info to /home/ubuntu/agv_project/install/agv_controller/lib/python3.12/site-packages/agv_controller-0.0.0-py3.12.egg-info
running install_scripts
Installing keyboard_controller script to /home/ubuntu/agv_project/install/agv_controller/lib/agv_controller
writing list of installed files to '/home/ubuntu/agv_project/build/agv_controller/install.log'
