[1.041s] Invoking command in '/home/ubuntu/agv_project/src/agv_controller': PYTHONPATH=/home/ubuntu/agv_project/build/agv_controller/prefix_override:/usr/lib/python3/dist-packages/colcon_core/task/python/colcon_distutils_commands:/home/ubuntu/agv_project/install/agv_controller/lib/python3.12/site-packages:${PYTHONPATH} /usr/bin/python3 -W ignore:setup.py install is deprecated -W ignore:easy_install command is deprecated setup.py egg_info --egg-base ../../build/agv_controller build --build-base /home/ubuntu/agv_project/build/agv_controller/build install --record /home/ubuntu/agv_project/build/agv_controller/install.log --single-version-externally-managed install_data
[1.311s] running egg_info
[1.333s] writing ../../build/agv_controller/agv_controller.egg-info/PKG-INFO
[1.333s] writing dependency_links to ../../build/agv_controller/agv_controller.egg-info/dependency_links.txt
[1.333s] writing entry points to ../../build/agv_controller/agv_controller.egg-info/entry_points.txt
[1.333s] writing requirements to ../../build/agv_controller/agv_controller.egg-info/requires.txt
[1.334s] writing top-level names to ../../build/agv_controller/agv_controller.egg-info/top_level.txt
[1.381s] reading manifest file '../../build/agv_controller/agv_controller.egg-info/SOURCES.txt'
[1.381s] writing manifest file '../../build/agv_controller/agv_controller.egg-info/SOURCES.txt'
[1.382s] running build
[1.382s] running build_py
[1.382s] copying agv_controller/agv_motion.py -> /home/ubuntu/agv_project/build/agv_controller/build/lib/agv_controller
[1.382s] running install
[1.389s] running install_lib
[1.412s] copying /home/ubuntu/agv_project/build/agv_controller/build/lib/agv_controller/agv_motion.py -> /home/ubuntu/agv_project/install/agv_controller/lib/python3.12/site-packages/agv_controller
[1.412s] byte-compiling /home/ubuntu/agv_project/install/agv_controller/lib/python3.12/site-packages/agv_controller/agv_motion.py to agv_motion.cpython-312.pyc
[1.413s] running install_data
[1.413s] running install_egg_info
[1.437s] removing '/home/ubuntu/agv_project/install/agv_controller/lib/python3.12/site-packages/agv_controller-0.0.0-py3.12.egg-info' (and everything under it)
[1.437s] Copying ../../build/agv_controller/agv_controller.egg-info to /home/ubuntu/agv_project/install/agv_controller/lib/python3.12/site-packages/agv_controller-0.0.0-py3.12.egg-info
[1.438s] running install_scripts
[1.594s] Installing agv_motion script to /home/ubuntu/agv_project/install/agv_controller/lib/agv_controller
[1.594s] Installing keyboard_controller script to /home/ubuntu/agv_project/install/agv_controller/lib/agv_controller
[1.594s] writing list of installed files to '/home/ubuntu/agv_project/build/agv_controller/install.log'
[1.623s] Invoked command in '/home/ubuntu/agv_project/src/agv_controller' returned '0': PYTHONPATH=/home/ubuntu/agv_project/build/agv_controller/prefix_override:/usr/lib/python3/dist-packages/colcon_core/task/python/colcon_distutils_commands:/home/ubuntu/agv_project/install/agv_controller/lib/python3.12/site-packages:${PYTHONPATH} /usr/bin/python3 -W ignore:setup.py install is deprecated -W ignore:easy_install command is deprecated setup.py egg_info --egg-base ../../build/agv_controller build --build-base /home/ubuntu/agv_project/build/agv_controller/build install --record /home/ubuntu/agv_project/build/agv_controller/install.log --single-version-externally-managed install_data
